// Jest Snapshot v1, https://goo.gl/fbAQLP

exports[`<App /> should match snapshot 1`] = `
<div
  className="message-placeholder"
>
  <div
    className="message-placeholder__message"
  >
    Welcome to ReactJS World!
  </div>
</div>
`;
